is_pe: true
machine: MACHINE_I386
subsystem: SUBSYSTEM_WINDOWS_GUI
os_version:
    major: 4
    minor: 0
subsystem_version:
    major: 4
    minor: 0
image_version:
    major: 6
    minor: 0
linker_version:
    major: 8
    minor: 0
opthdr_magic: IMAGE_NT_OPTIONAL_HDR32_MAGIC
characteristics: 258
dll_characteristics: 33088
timestamp: 1621233906
image_base: 16777216
checksum: 462075
base_of_code: 4096
base_of_data: 348160
entry_point: 311950
entry_point_raw: 315022
section_alignment: 4096
file_alignment: 512
loader_flags: 0
size_of_optional_header: 224
size_of_code: 340480
size_of_initialized_data: 119808
size_of_uninitialized_data: 0
size_of_image: 479232
size_of_headers: 1024
size_of_stack_reserve: 262144
size_of_stack_commit: 8192
size_of_heap_reserve: 1048576
size_of_heap_commit: 4096
pointer_to_symbol_table: 0
win32_version_value: 0
number_of_symbols: 0
number_of_rva_and_sizes: 32
number_of_sections: 5
number_of_imported_functions: 353
number_of_delayed_imported_functions: 0
number_of_resources: 72
number_of_version_infos: 9
number_of_imports: 10
number_of_delayed_imports: 0
number_of_exports: 0
number_of_signatures: 0
version_info:
    "CompanyName": "Ladislav Zezula"
    "FileDescription": "Interactive File System API Test"
    "FileVersion": "2, 7, 0, 601"
    "InternalName": "FileTest"
    "LegalCopyright": "Copyright \302\251 2004 - 2018 Ladislav Zezula"
    "LegalTrademarks": "http://www.zezula.net"
    "OriginalFilename": "FileTest.exe"
    "ProductName": "FileTest"
    "ProductVersion": "2, 7, 0, 601"
version_info_list:
  - key: "CompanyName"
    value: "Ladislav Zezula"
  - key: "FileDescription"
    value: "Interactive File System API Test"
  - key: "FileVersion"
    value: "2, 7, 0, 601"
  - key: "InternalName"
    value: "FileTest"
  - key: "LegalCopyright"
    value: "Copyright \302\251 2004 - 2018 Ladislav Zezula"
  - key: "LegalTrademarks"
    value: "http://www.zezula.net"
  - key: "OriginalFilename"
    value: "FileTest.exe"
  - key: "ProductName"
    value: "FileTest"
  - key: "ProductVersion"
    value: "2, 7, 0, 601"
rich_signature:
    offset: 128
    length: 88
    key: 1852233515
    raw_data: "o\266\010=+\327fn+\327fn+\327fn\014\021\033n!\327fn\014\021\035n/\327fn\014\021\013nb\327fnr\364un:\327fn+\327gn\202\326fn\014\021\010n\025\327fn\014\021\030n*\327fn\014\021\032n*\327fn\014\021\036n*\327fn"
    clear_data: "DanS\000\000\000\000\000\000\000\000\000\000\000\000\'\306}\000\n\000\000\000\'\306{\000\004\000\000\000\'\306m\000I\000\000\000Y#\023\000\021\000\000\000\000\000\001\000\251\001\000\000\'\306n\000>\000\000\000\'\306~\000\001\000\000\000\'\306|\000\001\000\000\000\'\306x\000\001\000\000\000"
    tools:
      - toolid: 125
        version: 50727
        times: 10
      - toolid: 123
        version: 50727
        times: 4
      - toolid: 109
        version: 50727
        times: 73
      - toolid: 19
        version: 9049
        times: 17
      - toolid: 1
        version: 0
        times: 425
      - toolid: 110
        version: 50727
        times: 62
      - toolid: 126
        version: 50727
        times: 1
      - toolid: 124
        version: 50727
        times: 1
      - toolid: 120
        version: 50727
        times: 1
pdb_path: "FileTest.pdb"
sections:
  - name: ".text"
    full_name: ".text"
    characteristics: 1610612768
    raw_data_size: 340480
    raw_data_offset: 1024
    virtual_address: 4096
    virtual_size: 340336
    pointer_to_relocations: 0
    pointer_to_line_numbers: 0
    number_of_relocations: 0
    number_of_line_numbers: 0
  - name: ".data"
    full_name: ".data"
    characteristics: 3221225536
    raw_data_size: 40960
    raw_data_offset: 341504
    virtual_address: 348160
    virtual_size: 42620
    pointer_to_relocations: 0
    pointer_to_line_numbers: 0
    number_of_relocations: 0
    number_of_line_numbers: 0
  - name: ".tls"
    full_name: ".tls"
    characteristics: 3221225536
    raw_data_size: 512
    raw_data_offset: 382464
    virtual_address: 393216
    virtual_size: 9
    pointer_to_relocations: 0
    pointer_to_line_numbers: 0
    number_of_relocations: 0
    number_of_line_numbers: 0
  - name: ".rsrc"
    full_name: ".rsrc"
    characteristics: 1073741888
    raw_data_size: 58880
    raw_data_offset: 382976
    virtual_address: 397312
    virtual_size: 58696
    pointer_to_relocations: 0
    pointer_to_line_numbers: 0
    number_of_relocations: 0
    number_of_line_numbers: 0
  - name: ".reloc"
    full_name: ".reloc"
    characteristics: 1107296320
    raw_data_size: 17408
    raw_data_offset: 441856
    virtual_address: 458752
    virtual_size: 17402
    pointer_to_relocations: 0
    pointer_to_line_numbers: 0
    number_of_relocations: 0
    number_of_line_numbers: 0
data_directories:
  - virtual_address: 0
    size: 0
  - virtual_address: 336228
    size: 220
  - virtual_address: 397312
    size: 58696
  - virtual_address: 0
    size: 0
  - virtual_address: 0
    size: 0
  - virtual_address: 458752
    size: 14104
  - virtual_address: 5600
    size: 28
  - virtual_address: 0
    size: 0
  - virtual_address: 0
    size: 0
  - virtual_address: 206256
    size: 24
  - virtual_address: 206184
    size: 64
  - virtual_address: 0
    size: 0
  - virtual_address: 4096
    size: 1452
  - virtual_address: 0
    size: 0
  - virtual_address: 0
    size: 0
  - virtual_address: 0
    size: 0
  - virtual_address: 2019914798
    size: 116
  - virtual_address: 340336
    size: 4096
  - virtual_address: 340480
    size: 1024
  - virtual_address: 0
    size: 0
  - virtual_address: 0
    size: 1610612768
  - virtual_address: 1952539694
    size: 97
  - virtual_address: 42620
    size: 348160
  - virtual_address: 40960
    size: 341504
  - virtual_address: 0
    size: 0
  - virtual_address: 0
    size: 3221225536
  - virtual_address: 1936487470
    size: 0
  - virtual_address: 9
    size: 393216
  - virtual_address: 512
    size: 382464
  - virtual_address: 0
    size: 0
  - virtual_address: 0
    size: 3221225536
  - virtual_address: 1920168494
    size: 99
resource_timestamp: 0 # 1970-01-01 00:00:00 UTC
resource_version:
    major: 0
    minor: 0
resources:
  - length: 2
    rva: 450448
    offset: 436112
    id: 106
    language: 1033
    type_string: "A\000F\000X\000_\000D\000I\000A\000L\000O\000G\000_\000L\000A\000Y\000O\000U\000T\000"
  - length: 2
    rva: 450440
    offset: 436104
    id: 107
    language: 1033
    type_string: "A\000F\000X\000_\000D\000I\000A\000L\000O\000G\000_\000L\000A\000Y\000O\000U\000T\000"
  - length: 2
    rva: 450464
    offset: 436128
    id: 111
    language: 1033
    type_string: "A\000F\000X\000_\000D\000I\000A\000L\000O\000G\000_\000L\000A\000Y\000O\000U\000T\000"
  - length: 2
    rva: 450456
    offset: 436120
    id: 112
    language: 1033
    type_string: "A\000F\000X\000_\000D\000I\000A\000L\000O\000G\000_\000L\000A\000Y\000O\000U\000T\000"
  - length: 2
    rva: 450432
    offset: 436096
    id: 114
    language: 1033
    type_string: "A\000F\000X\000_\000D\000I\000A\000L\000O\000G\000_\000L\000A\000Y\000O\000U\000T\000"
  - length: 1640
    rva: 402864
    offset: 388528
    type: RESOURCE_TYPE_ICON
    id: 1
    language: 0
  - length: 296
    rva: 404504
    offset: 390168
    type: RESOURCE_TYPE_ICON
    id: 2
    language: 0
  - length: 744
    rva: 404800
    offset: 390464
    type: RESOURCE_TYPE_ICON
    id: 3
    language: 0
  - length: 1384
    rva: 405544
    offset: 391208
    type: RESOURCE_TYPE_ICON
    id: 4
    language: 0
  - length: 2216
    rva: 406928
    offset: 392592
    type: RESOURCE_TYPE_ICON
    id: 5
    language: 0
  - length: 3752
    rva: 409144
    offset: 394808
    type: RESOURCE_TYPE_ICON
    id: 6
    language: 0
  - length: 296
    rva: 412992
    offset: 398656
    type: RESOURCE_TYPE_ICON
    id: 7
    language: 0
  - length: 1384
    rva: 413288
    offset: 398952
    type: RESOURCE_TYPE_ICON
    id: 8
    language: 0
  - length: 296
    rva: 414712
    offset: 400376
    type: RESOURCE_TYPE_ICON
    id: 9
    language: 0
  - length: 1384
    rva: 415008
    offset: 400672
    type: RESOURCE_TYPE_ICON
    id: 10
    language: 0
  - length: 296
    rva: 416432
    offset: 402096
    type: RESOURCE_TYPE_ICON
    id: 11
    language: 0
  - length: 1384
    rva: 416728
    offset: 402392
    type: RESOURCE_TYPE_ICON
    id: 12
    language: 0
  - length: 296
    rva: 418152
    offset: 403816
    type: RESOURCE_TYPE_ICON
    id: 13
    language: 0
  - length: 1384
    rva: 418448
    offset: 404112
    type: RESOURCE_TYPE_ICON
    id: 14
    language: 0
  - length: 1128
    rva: 419872
    offset: 405536
    type: RESOURCE_TYPE_ICON
    id: 15
    language: 0
  - length: 248
    rva: 421912
    offset: 407576
    type: RESOURCE_TYPE_MENU
    id: 123
    language: 1033
  - length: 164
    rva: 422160
    offset: 407824
    type: RESOURCE_TYPE_MENU
    id: 129
    language: 1033
  - length: 648
    rva: 422328
    offset: 407992
    type: RESOURCE_TYPE_MENU
    id: 139
    language: 1033
  - length: 312
    rva: 422976
    offset: 408640
    type: RESOURCE_TYPE_MENU
    id: 141
    language: 1033
  - length: 136
    rva: 423288
    offset: 408952
    type: RESOURCE_TYPE_MENU
    id: 144
    language: 1033
  - length: 128
    rva: 423584
    offset: 409248
    type: RESOURCE_TYPE_MENU
    id: 145
    language: 1033
  - length: 156
    rva: 423424
    offset: 409088
    type: RESOURCE_TYPE_MENU
    id: 146
    language: 1033
  - length: 1320
    rva: 423896
    offset: 409560
    type: RESOURCE_TYPE_DIALOG
    id: 102
    language: 1033
  - length: 1940
    rva: 425216
    offset: 410880
    type: RESOURCE_TYPE_DIALOG
    id: 103
    language: 1033
  - length: 2464
    rva: 427160
    offset: 412824
    type: RESOURCE_TYPE_DIALOG
    id: 104
    language: 1033
  - length: 1450
    rva: 429624
    offset: 415288
    type: RESOURCE_TYPE_DIALOG
    id: 105
    language: 1033
  - length: 2368
    rva: 441136
    offset: 426800
    type: RESOURCE_TYPE_DIALOG
    id: 106
    language: 1033
  - length: 2172
    rva: 431080
    offset: 416744
    type: RESOURCE_TYPE_DIALOG
    id: 107
    language: 1033
  - length: 1076
    rva: 433256
    offset: 418920
    type: RESOURCE_TYPE_DIALOG
    id: 108
    language: 1033
  - length: 928
    rva: 434336
    offset: 420000
    type: RESOURCE_TYPE_DIALOG
    id: 109
    language: 1033
  - length: 764
    rva: 435264
    offset: 420928
    type: RESOURCE_TYPE_DIALOG
    id: 110
    language: 1033
  - length: 1112
    rva: 436032
    offset: 421696
    type: RESOURCE_TYPE_DIALOG
    id: 111
    language: 1033
  - length: 1544
    rva: 437144
    offset: 422808
    type: RESOURCE_TYPE_DIALOG
    id: 112
    language: 1033
  - length: 644
    rva: 438688
    offset: 424352
    type: RESOURCE_TYPE_DIALOG
    id: 113
    language: 1033
  - length: 1500
    rva: 444944
    offset: 430608
    type: RESOURCE_TYPE_DIALOG
    id: 114
    language: 1033
  - length: 240
    rva: 449536
    offset: 435200
    type: RESOURCE_TYPE_DIALOG
    id: 118
    language: 1033
  - length: 266
    rva: 439336
    offset: 425000
    type: RESOURCE_TYPE_DIALOG
    id: 119
    language: 1033
  - length: 452
    rva: 439608
    offset: 425272
    type: RESOURCE_TYPE_DIALOG
    id: 124
    language: 1033
  - length: 532
    rva: 440064
    offset: 425728
    type: RESOURCE_TYPE_DIALOG
    id: 128
    language: 1033
  - length: 180
    rva: 423712
    offset: 409376
    type: RESOURCE_TYPE_DIALOG
    id: 132
    language: 1033
  - length: 530
    rva: 440600
    offset: 426264
    type: RESOURCE_TYPE_DIALOG
    id: 133
    language: 1033
  - length: 214
    rva: 443504
    offset: 429168
    type: RESOURCE_TYPE_DIALOG
    id: 137
    language: 1033
  - length: 466
    rva: 443720
    offset: 429384
    type: RESOURCE_TYPE_DIALOG
    id: 138
    language: 1033
  - length: 312
    rva: 444192
    offset: 429856
    type: RESOURCE_TYPE_DIALOG
    id: 140
    language: 1033
  - length: 438
    rva: 444504
    offset: 430168
    type: RESOURCE_TYPE_DIALOG
    id: 143
    language: 1033
  - length: 798
    rva: 446448
    offset: 432112
    type: RESOURCE_TYPE_DIALOG
    id: 144
    language: 1033
  - length: 826
    rva: 447248
    offset: 432912
    type: RESOURCE_TYPE_DIALOG
    id: 145
    language: 1033
  - length: 806
    rva: 448080
    offset: 433744
    type: RESOURCE_TYPE_DIALOG
    id: 146
    language: 1033
  - length: 648
    rva: 448888
    offset: 434552
    type: RESOURCE_TYPE_DIALOG
    id: 147
    language: 1033
  - length: 62
    rva: 455944
    offset: 441608
    type: RESOURCE_TYPE_STRING
    id: 10
    language: 1033
  - length: 968
    rva: 450472
    offset: 436136
    type: RESOURCE_TYPE_STRING
    id: 251
    language: 1033
  - length: 702
    rva: 451440
    offset: 437104
    type: RESOURCE_TYPE_STRING
    id: 252
    language: 1033
  - length: 1066
    rva: 452144
    offset: 437808
    type: RESOURCE_TYPE_STRING
    id: 253
    language: 1033
  - length: 710
    rva: 453216
    offset: 438880
    type: RESOURCE_TYPE_STRING
    id: 254
    language: 1033
  - length: 1444
    rva: 453928
    offset: 439592
    type: RESOURCE_TYPE_STRING
    id: 255
    language: 1033
  - length: 568
    rva: 455376
    offset: 441040
    type: RESOURCE_TYPE_STRING
    id: 256
    language: 1033
  - length: 8
    rva: 401072
    offset: 386736
    type: RESOURCE_TYPE_ACCELERATOR
    id: 121
    language: 0
  - length: 90
    rva: 412896
    offset: 398560
    type: RESOURCE_TYPE_GROUP_ICON
    id: 101
    language: 0
  - length: 34
    rva: 414672
    offset: 400336
    type: RESOURCE_TYPE_GROUP_ICON
    id: 125
    language: 0
  - length: 34
    rva: 416392
    offset: 402056
    type: RESOURCE_TYPE_GROUP_ICON
    id: 126
    language: 0
  - length: 34
    rva: 418112
    offset: 403776
    type: RESOURCE_TYPE_GROUP_ICON
    id: 127
    language: 0
  - length: 34
    rva: 419832
    offset: 405496
    type: RESOURCE_TYPE_GROUP_ICON
    id: 140
    language: 0
  - length: 20
    rva: 421000
    offset: 406664
    type: RESOURCE_TYPE_GROUP_ICON
    id: 143
    language: 0
  - length: 888
    rva: 421024
    offset: 406688
    type: RESOURCE_TYPE_VERSION
    id: 1
    language: 1033
  - length: 1779
    rva: 401080
    offset: 386744
    type: RESOURCE_TYPE_MANIFEST
    id: 1
    language: 0
  - length: 282
    rva: 450144
    offset: 435808
    type: 240
    id: 103
    language: 1033
  - length: 363
    rva: 449776
    offset: 435440
    type: 240
    id: 104
    language: 1033
import_details:
  - library_name: "ADVAPI32.dll"
    number_of_functions: 35
    functions:
      - name: "GetUserNameW"
        rva: 4096
      - name: "OpenProcessToken"
        rva: 4100
      - name: "OpenThreadToken"
        rva: 4104
      - name: "RegCloseKey"
        rva: 4108
      - name: "RegQueryValueExW"
        rva: 4112
      - name: "RegOpenKeyExW"
        rva: 4116
      - name: "GetSidSubAuthority"
        rva: 4120
      - name: "GetSidIdentifierAuthority"
        rva: 4124
      - name: "GetSidSubAuthorityCount"
        rva: 4128
      - name: "GetTokenInformation"
        rva: 4132
      - name: "LookupPrivilegeNameW"
        rva: 4136
      - name: "AdjustTokenPrivileges"
        rva: 4140
      - name: "LookupPrivilegeValueW"
        rva: 4144
      - name: "FreeSid"
        rva: 4148
      - name: "SetTokenInformation"
        rva: 4152
      - name: "AllocateAndInitializeSid"
        rva: 4156
      - name: "RegSetValueExW"
        rva: 4160
      - name: "CopySid"
        rva: 4164
      - name: "GetLengthSid"
        rva: 4168
      - name: "InitializeAcl"
        rva: 4172
      - name: "AddAccessAllowedAce"
        rva: 4176
      - name: "AddAccessDeniedAce"
        rva: 4180
      - name: "AddAuditAccessAce"
        rva: 4184
      - name: "GetAce"
        rva: 4188
      - name: "LookupAccountSidW"
        rva: 4192
      - name: "LookupAccountNameW"
        rva: 4196
      - name: "SetSecurityDescriptorSacl"
        rva: 4200
      - name: "SetSecurityDescriptorDacl"
        rva: 4204
      - name: "SetSecurityDescriptorGroup"
        rva: 4208
      - name: "SetSecurityDescriptorOwner"
        rva: 4212
      - name: "InitializeSecurityDescriptor"
        rva: 4216
      - name: "GetSecurityDescriptorSacl"
        rva: 4220
      - name: "GetSecurityDescriptorDacl"
        rva: 4224
      - name: "GetSecurityDescriptorGroup"
        rva: 4228
      - name: "GetSecurityDescriptorOwner"
        rva: 4232
  - library_name: "KERNEL32.dll"
    number_of_functions: 85
    functions:
      - name: "InitializeCriticalSection"
        rva: 4312
      - name: "LockResource"
        rva: 4316
      - name: "LoadResource"
        rva: 4320
      - name: "FindResourceW"
        rva: 4324
      - name: "DeleteCriticalSection"
        rva: 4328
      - name: "WaitForSingleObject"
        rva: 4332
      - name: "CreateEventW"
        rva: 4336
      - name: "WaitForMultipleObjects"
        rva: 4340
      - name: "LeaveCriticalSection"
        rva: 4344
      - name: "EnterCriticalSection"
        rva: 4348
      - name: "GetCurrentProcess"
        rva: 4352
      - name: "GetCurrentThread"
        rva: 4356
      - name: "GetProcessHeap"
        rva: 4360
      - name: "HeapReAlloc"
        rva: 4364
      - name: "MultiByteToWideChar"
        rva: 4368
      - name: "SetCurrentDirectoryW"
        rva: 4372
      - name: "CreateDirectoryW"
        rva: 4376
      - name: "GetOverlappedResult"
        rva: 4380
      - name: "LockFile"
        rva: 4384
      - name: "UnlockFile"
        rva: 4388
      - name: "SetFilePointer"
        rva: 4392
      - name: "SetEndOfFile"
        rva: 4396
      - name: "MoveFileExW"
        rva: 4400
      - name: "GetFileAttributesW"
        rva: 4404
      - name: "FlushFileBuffers"
        rva: 4408
      - name: "DeleteFileW"
        rva: 4412
      - name: "OpenProcess"
        rva: 4416
      - name: "GlobalFree"
        rva: 4420
      - name: "GlobalUnlock"
        rva: 4424
      - name: "GlobalLock"
        rva: 4428
      - name: "GlobalAlloc"
        rva: 4432
      - name: "GlobalReAlloc"
        rva: 4436
      - name: "GlobalSize"
        rva: 4440
      - name: "LoadLibraryW"
        rva: 4444
      - name: "FreeLibrary"
        rva: 4448
      - name: "EnumResourceNamesW"
        rva: 4452
      - name: "SetEvent"
        rva: 4456
      - name: "CreateThread"
        rva: 4460
      - name: "GetModuleFileNameW"
        rva: 4464
      - name: "GetFileTime"
        rva: 4468
      - name: "VirtualAlloc"
        rva: 4472
      - name: "SetFileTime"
        rva: 4476
      - name: "VirtualFree"
        rva: 4480
      - name: "GetTickCount"
        rva: 4484
      - name: "ReadFile"
        rva: 4488
      - name: "HeapAlloc"
        rva: 4492
      - name: "LocalFileTimeToFileTime"
        rva: 4496
      - name: "SystemTimeToFileTime"
        rva: 4500
      - name: "InterlockedExchange"
        rva: 4504
      - name: "Sleep"
        rva: 4508
      - name: "InterlockedCompareExchange"
        rva: 4512
      - name: "GetStartupInfoW"
        rva: 4516
      - name: "OutputDebugStringA"
        rva: 4520
      - name: "RtlUnwind"
        rva: 4524
      - name: "SetUnhandledExceptionFilter"
        rva: 4528
      - name: "GetModuleHandleA"
        rva: 4532
      - name: "QueryPerformanceCounter"
        rva: 4536
      - name: "GetCurrentThreadId"
        rva: 4540
      - name: "GetCurrentProcessId"
        rva: 4544
      - name: "TerminateProcess"
        rva: 4548
      - name: "UnhandledExceptionFilter"
        rva: 4552
      - name: "GetVersionExW"
        rva: 4556
      - name: "FormatMessageW"
        rva: 4560
      - name: "GetSystemTimeAsFileTime"
        rva: 4564
      - name: "FreeResource"
        rva: 4568
      - name: "SizeofResource"
        rva: 4572
      - name: "WideCharToMultiByte"
        rva: 4576
      - name: "WriteFile"
        rva: 4580
      - name: "HeapFree"
        rva: 4584
      - name: "CloseHandle"
        rva: 4588
      - name: "GetModuleHandleW"
        rva: 4592
      - name: "GetProcAddress"
        rva: 4596
      - name: "SetLastError"
        rva: 4600
      - name: "GetFileSize"
        rva: 4604
      - name: "DeviceIoControl"
        rva: 4608
      - name: "GetLastError"
        rva: 4612
      - name: "GetCurrentDirectoryW"
        rva: 4616
      - name: "CreateFileW"
        rva: 4620
      - name: "EnumTimeFormatsW"
        rva: 4624
      - name: "EnumDateFormatsW"
        rva: 4628
      - name: "FileTimeToLocalFileTime"
        rva: 4632
      - name: "FileTimeToSystemTime"
        rva: 4636
      - name: "GetTimeFormatW"
        rva: 4640
      - name: "GetDateFormatW"
        rva: 4644
      - name: "GetLocaleInfoW"
        rva: 4648
  - library_name: "GDI32.dll"
    number_of_functions: 11
    functions:
      - name: "TextOutW"
        rva: 4264
      - name: "GetTextExtentPoint32W"
        rva: 4268
      - name: "SetTextAlign"
        rva: 4272
      - name: "SetBkColor"
        rva: 4276
      - name: "ExtTextOutW"
        rva: 4280
      - name: "SetTextColor"
        rva: 4284
      - name: "CreateFontIndirectW"
        rva: 4288
      - name: "GetStockObject"
        rva: 4292
      - name: "SelectObject"
        rva: 4296
      - name: "GetTextMetricsW"
        rva: 4300
      - name: "GetObjectW"
        rva: 4304
  - library_name: "USER32.dll"
    number_of_functions: 107
    functions:
      - name: "GetTopWindow"
        rva: 4676
      - name: "GetDlgItemTextW"
        rva: 4680
      - name: "CloseClipboard"
        rva: 4684
      - name: "SetClipboardData"
        rva: 4688
      - name: "EmptyClipboard"
        rva: 4692
      - name: "OpenClipboard"
        rva: 4696
      - name: "ClientToScreen"
        rva: 4700
      - name: "GetFocus"
        rva: 4704
      - name: "IsWindowVisible"
        rva: 4708
      - name: "EnableMenuItem"
        rva: 4712
      - name: "GetSubMenu"
        rva: 4716
      - name: "ScreenToClient"
        rva: 4720
      - name: "GetDlgItemInt"
        rva: 4724
      - name: "GetClipboardData"
        rva: 4728
      - name: "IsClipboardFormatAvailable"
        rva: 4732
      - name: "ReleaseDC"
        rva: 4736
      - name: "GetDC"
        rva: 4740
      - name: "SetScrollInfo"
        rva: 4744
      - name: "ShowCaret"
        rva: 4748
      - name: "SetCaretPos"
        rva: 4752
      - name: "CreateCaret"
        rva: 4756
      - name: "DestroyCaret"
        rva: 4760
      - name: "GetClassNameW"
        rva: 4764
      - name: "ReleaseCapture"
        rva: 4768
      - name: "GetTabbedTextExtentW"
        rva: 4772
      - name: "SetCapture"
        rva: 4776
      - name: "GetScrollInfo"
        rva: 4780
      - name: "EndPaint"
        rva: 4784
      - name: "TabbedTextOutW"
        rva: 4788
      - name: "IntersectRect"
        rva: 4792
      - name: "BeginPaint"
        rva: 4796
      - name: "DefWindowProcW"
        rva: 4800
      - name: "RegisterClassExW"
        rva: 4804
      - name: "LoadCursorW"
        rva: 4808
      - name: "GetClassInfoExW"
        rva: 4812
      - name: "LoadImageW"
        rva: 4816
      - name: "LoadMenuW"
        rva: 4820
      - name: "TrackPopupMenu"
        rva: 4824
      - name: "SetForegroundWindow"
        rva: 4828
      - name: "LoadAcceleratorsW"
        rva: 4832
      - name: "CreateDialogParamW"
        rva: 4836
      - name: "ShowWindow"
        rva: 4840
      - name: "IsWindow"
        rva: 4844
      - name: "TranslateAcceleratorW"
        rva: 4848
      - name: "TranslateMessage"
        rva: 4852
      - name: "IsWindowEnabled"
        rva: 4856
      - name: "GetClientRect"
        rva: 4860
      - name: "LoadStringA"
        rva: 4864
      - name: "CreateWindowExW"
        rva: 4868
      - name: "HideCaret"
        rva: 4872
      - name: "GetWindow"
        rva: 4876
      - name: "CreateCursor"
        rva: 4880
      - name: "SetCursor"
        rva: 4884
      - name: "CallWindowProcW"
        rva: 4888
      - name: "CreateDialogIndirectParamW"
        rva: 4892
      - name: "SendDlgItemMessageA"
        rva: 4896
      - name: "DialogBoxIndirectParamW"
        rva: 4900
      - name: "FillRect"
        rva: 4904
      - name: "DeleteMenu"
        rva: 4908
      - name: "MessageBeep"
        rva: 4912
      - name: "DrawTextExW"
        rva: 4916
      - name: "BeginDeferWindowPos"
        rva: 4920
      - name: "DeferWindowPos"
        rva: 4924
      - name: "EndDeferWindowPos"
        rva: 4928
      - name: "LoadIconW"
        rva: 4932
      - name: "DispatchMessageW"
        rva: 4936
      - name: "DestroyAcceleratorTable"
        rva: 4940
      - name: "GetParent"
        rva: 4944
      - name: "IsDialogMessageW"
        rva: 4948
      - name: "GetAsyncKeyState"
        rva: 4952
      - name: "DestroyWindow"
        rva: 4956
      - name: "GetCursorPos"
        rva: 4960
      - name: "GetActiveWindow"
        rva: 4964
      - name: "PtInRect"
        rva: 4968
      - name: "GetSystemMenu"
        rva: 4972
      - name: "GetMenuItemCount"
        rva: 4976
      - name: "GetMenuItemInfoW"
        rva: 4980
      - name: "LoadStringW"
        rva: 4984
      - name: "InsertMenuW"
        rva: 4988
      - name: "MapDialogRect"
        rva: 4992
      - name: "GetSystemMetrics"
        rva: 4996
      - name: "SystemParametersInfoW"
        rva: 5000
      - name: "KillTimer"
        rva: 5004
      - name: "SetWindowPos"
        rva: 5008
      - name: "GetWindowRect"
        rva: 5012
      - name: "InvalidateRect"
        rva: 5016
      - name: "CheckDlgButton"
        rva: 5020
      - name: "SetWindowTextA"
        rva: 5024
      - name: "SetDlgItemTextW"
        rva: 5028
      - name: "GetWindowTextLengthW"
        rva: 5032
      - name: "SetFocus"
        rva: 5036
      - name: "GetWindowTextA"
        rva: 5040
      - name: "GetWindowTextW"
        rva: 5044
      - name: "IsDlgButtonChecked"
        rva: 5048
      - name: "EnableWindow"
        rva: 5052
      - name: "CharUpperW"
        rva: 5056
      - name: "DialogBoxParamW"
        rva: 5060
      - name: "SetWindowTextW"
        rva: 5064
      - name: "EndDialog"
        rva: 5068
      - name: "GetDlgItem"
        rva: 5072
      - name: "PostMessageW"
        rva: 5076
      - name: "GetWindowLongW"
        rva: 5080
      - name: "SetWindowLongW"
        rva: 5084
      - name: "SendMessageW"
        rva: 5088
      - name: "IsCharAlphaW"
        rva: 5092
      - name: "GetMessageW"
        rva: 5096
      - name: "SetTimer"
        rva: 5100
  - library_name: "msvcrt.dll"
    number_of_functions: 52
    functions:
      - name: "_controlfp"
        rva: 5136
      - name: "?terminate@@YAXXZ"
        rva: 5140
      - name: "_wcsnicmp"
        rva: 5144
      - name: "wcsstr"
        rva: 5148
      - name: "_wcsicmp"
        rva: 5152
      - name: "_vsnwprintf"
        rva: 5156
      - name: "_wcsrev"
        rva: 5160
      - name: "memset"
        rva: 5164
      - name: "isxdigit"
        rva: 5168
      - name: "memcpy"
        rva: 5172
      - name: "wcschr"
        rva: 5176
      - name: "_vsnprintf"
        rva: 5180
      - name: "??0exception@@QAE@ABQBD@Z"
        rva: 5184
      - name: "wcstoul"
        rva: 5188
      - name: "wcsncmp"
        rva: 5192
      - name: "?what@exception@@UBEPBDXZ"
        rva: 5196
      - name: "??1exception@@UAE@XZ"
        rva: 5200
      - name: "??0exception@@QAE@ABV0@@Z"
        rva: 5204
      - name: "_CxxThrowException"
        rva: 5208
      - name: "??0exception@@QAE@XZ"
        rva: 5212
      - name: "wcsrchr"
        rva: 5216
      - name: "rand"
        rva: 5220
      - name: "srand"
        rva: 5224
      - name: "toupper"
        rva: 5228
      - name: "memmove"
        rva: 5232
      - name: "isalpha"
        rva: 5236
      - name: "__wargv"
        rva: 5240
      - name: "__argc"
        rva: 5244
      - name: "__CxxFrameHandler"
        rva: 5248
      - name: "_errno"
        rva: 5252
      - name: "free"
        rva: 5256
      - name: "_onexit"
        rva: 5260
      - name: "_lock"
        rva: 5264
      - name: "__dllonexit"
        rva: 5268
      - name: "_unlock"
        rva: 5272
      - name: "??1type_info@@UAE@XZ"
        rva: 5276
      - name: "__set_app_type"
        rva: 5280
      - name: "__p__fmode"
        rva: 5284
      - name: "__p__commode"
        rva: 5288
      - name: "_adjust_fdiv"
        rva: 5292
      - name: "__setusermatherr"
        rva: 5296
      - name: "_amsg_exit"
        rva: 5300
      - name: "_initterm"
        rva: 5304
      - name: "_wcmdln"
        rva: 5308
      - name: "exit"
        rva: 5312
      - name: "_XcptFilter"
        rva: 5316
      - name: "_exit"
        rva: 5320
      - name: "_cexit"
        rva: 5324
      - name: "__wgetmainargs"
        rva: 5328
      - name: "malloc"
        rva: 5332
      - name: "_callnewh"
        rva: 5336
      - name: "wcstol"
        rva: 5340
  - library_name: "COMCTL32.dll"
    number_of_functions: 5
    functions:
      - name: "CreatePropertySheetPageW"
        rva: 4240
      - name: "ord17"
        ordinal: 17
        rva: 4244
      - name: "ImageList_ReplaceIcon"
        rva: 4248
      - name: "ImageList_Create"
        rva: 4252
      - name: "PropertySheetW"
        rva: 4256
  - library_name: "ntdll.dll"
    number_of_functions: 49
    functions:
      - name: "RtlCreateUnicodeString"
        rva: 5348
      - name: "RtlFreeUnicodeString"
        rva: 5352
      - name: "NtOpenDirectoryObject"
        rva: 5356
      - name: "RtlDecompressBuffer"
        rva: 5360
      - name: "NtDeviceIoControlFile"
        rva: 5364
      - name: "RtlReAllocateHeap"
        rva: 5368
      - name: "NtOpenSymbolicLinkObject"
        rva: 5372
      - name: "NtQuerySymbolicLinkObject"
        rva: 5376
      - name: "NtCreateSymbolicLinkObject"
        rva: 5380
      - name: "NtQuerySecurityObject"
        rva: 5384
      - name: "NtSetEaFile"
        rva: 5388
      - name: "NtQueryEaFile"
        rva: 5392
      - name: "NtQueryVolumeInformationFile"
        rva: 5396
      - name: "NtSetVolumeInformationFile"
        rva: 5400
      - name: "RtlCompareUnicodeString"
        rva: 5404
      - name: "NtQuerySystemInformation"
        rva: 5408
      - name: "NtQueryInformationProcess"
        rva: 5412
      - name: "NtDeleteFile"
        rva: 5416
      - name: "NtSetInformationFile"
        rva: 5420
      - name: "RtlAllocateAndInitializeSid"
        rva: 5424
      - name: "RtlLengthSid"
        rva: 5428
      - name: "RtlCreateAcl"
        rva: 5432
      - name: "RtlAddAccessAllowedAce"
        rva: 5436
      - name: "RtlSetDaclSecurityDescriptor"
        rva: 5440
      - name: "RtlFreeSid"
        rva: 5444
      - name: "NtOpenProcessToken"
        rva: 5448
      - name: "NtQueryInformationToken"
        rva: 5452
      - name: "RtlAllocateHeap"
        rva: 5456
      - name: "RtlCreateSecurityDescriptor"
        rva: 5460
      - name: "RtlSetOwnerSecurityDescriptor"
        rva: 5464
      - name: "NtSetSecurityObject"
        rva: 5468
      - name: "RtlFreeHeap"
        rva: 5472
      - name: "NtFsControlFile"
        rva: 5476
      - name: "NtQueryAttributesFile"
        rva: 5480
      - name: "NtQueryDirectoryFile"
        rva: 5484
      - name: "NtQueryInformationFile"
        rva: 5488
      - name: "NtMapViewOfSection"
        rva: 5492
      - name: "NtCreateSection"
        rva: 5496
      - name: "NtOpenSection"
        rva: 5500
      - name: "NtUnmapViewOfSection"
        rva: 5504
      - name: "NtUnlockFile"
        rva: 5508
      - name: "NtLockFile"
        rva: 5512
      - name: "NtWriteFile"
        rva: 5516
      - name: "NtReadFile"
        rva: 5520
      - name: "RtlNtStatusToDosError"
        rva: 5524
      - name: "NtOpenFile"
        rva: 5528
      - name: "RtlInitUnicodeString"
        rva: 5532
      - name: "NtCreateFile"
        rva: 5536
      - name: "NtClose"
        rva: 5540
  - library_name: "SHELL32.dll"
    number_of_functions: 4
    functions:
      - name: "SHGetMalloc"
        rva: 4656
      - name: "SHGetPathFromIDListW"
        rva: 4660
      - name: "SHBrowseForFolderW"
        rva: 4664
      - name: "ShellExecuteW"
        rva: 4668
  - library_name: "comdlg32.dll"
    number_of_functions: 2
    functions:
      - name: "GetSaveFileNameW"
        rva: 5124
      - name: "GetOpenFileNameW"
        rva: 5128
  - library_name: "VERSION.dll"
    number_of_functions: 3
    functions:
      - name: "GetFileVersionInfoW"
        rva: 5108
      - name: "GetFileVersionInfoSizeW"
        rva: 5112
      - name: "VerQueryValueW"
        rva: 5116
is_signed: false
overlay:
    offset: 0
    size: 0