warning[bool_int_comparison]: comparison between boolean and integer
 --> line:4:13
  |
4 |  condition: 1 == test_proto2.array_bool[0]
  |             ------------------------------ this comparison can be replaced with: `test_proto2.array_bool[0]`
  |
