magic: 0xcefaedfe
cputype: 0xc
cpusubtype: 0x9
filetype: 1
ncmds: 4
sizeofcmds: 652
flags: 0x2000
number_of_segments: 1
symtab:
    symoff: 3540
    nsyms: 25
    stroff: 3840
    strsize: 496
    entries:
      - "_fourbppswaptable"
      - "_onebppswaptable"
      - "_twobppswaptable"
      - "_png_do_bgr"
      - "_png_do_check_palette_indexes"
      - "_png_do_invert"
      - "_png_do_packswap"
      - "_png_do_strip_channel"
      - "_png_do_swap"
      - "_png_get_current_pass_number"
      - "_png_get_current_row_number"
      - "_png_get_user_transform_ptr"
      - "_png_set_add_alpha"
      - "_png_set_bgr"
      - "_png_set_filler"
      - "_png_set_interlace_handling"
      - "_png_set_invert_alpha"
      - "_png_set_invert_mono"
      - "_png_set_packing"
      - "_png_set_packswap"
      - "_png_set_shift"
      - "_png_set_swap"
      - "_png_set_swap_alpha"
      - "_png_set_user_transform_info"
      - "_png_app_error"
    nlists:
      - n_strx: 442
        n_type: 14
        n_sect: 7
        n_desc: 0
        n_value: 2308
      - n_strx: 460
        n_type: 14
        n_sect: 7
        n_desc: 0
        n_value: 1796
      - n_strx: 477
        n_type: 14
        n_sect: 7
        n_desc: 0
        n_value: 2052
      - n_strx: 286
        n_type: 15
        n_sect: 1
        n_desc: 8
        n_value: 1112
      - n_strx: 298
        n_type: 15
        n_sect: 1
        n_desc: 8
        n_value: 1248
      - n_strx: 219
        n_type: 15
        n_sect: 1
        n_desc: 8
        n_value: 496
      - n_strx: 247
        n_type: 15
        n_sect: 1
        n_desc: 8
        n_value: 680
      - n_strx: 264
        n_type: 15
        n_sect: 1
        n_desc: 8
        n_value: 760
      - n_strx: 234
        n_type: 15
        n_sect: 1
        n_desc: 8
        n_value: 644
      - n_strx: 413
        n_type: 15
        n_sect: 1
        n_desc: 8
        n_value: 1624
      - n_strx: 385
        n_type: 15
        n_sect: 1
        n_desc: 8
        n_value: 1608
      - n_strx: 357
        n_type: 15
        n_sect: 1
        n_desc: 8
        n_value: 1596
      - n_strx: 137
        n_type: 15
        n_sect: 1
        n_desc: 8
        n_value: 292
      - n_strx: 1
        n_type: 15
        n_sect: 1
        n_desc: 8
        n_value: 0
      - n_strx: 106
        n_type: 15
        n_sect: 1
        n_desc: 8
        n_value: 172
      - n_strx: 78
        n_type: 15
        n_sect: 1
        n_desc: 8
        n_value: 140
      - n_strx: 176
        n_type: 15
        n_sect: 1
        n_desc: 8
        n_value: 456
      - n_strx: 198
        n_type: 15
        n_sect: 1
        n_desc: 8
        n_value: 476
      - n_strx: 28
        n_type: 15
        n_sect: 1
        n_desc: 8
        n_value: 48
      - n_strx: 45
        n_type: 15
        n_sect: 1
        n_desc: 8
        n_value: 80
      - n_strx: 63
        n_type: 15
        n_sect: 1
        n_desc: 8
        n_value: 108
      - n_strx: 14
        n_type: 15
        n_sect: 1
        n_desc: 8
        n_value: 20
      - n_strx: 156
        n_type: 15
        n_sect: 1
        n_desc: 8
        n_value: 436
      - n_strx: 328
        n_type: 15
        n_sect: 1
        n_desc: 8
        n_value: 1540
      - n_strx: 122
        n_type: 1
        n_sect: 0
        n_desc: 0
        n_value: 0
dysymtab:
    ilocalsym: 0
    nlocalsym: 3
    iextdefsym: 3
    nextdefsym: 21
    tocoff: 24
    ntoc: 1
    modtaboff: 0
    nmodtab: 0
    extrefsymoff: 0
    nextrefsyms: 0
    indirectsymoff: 0
    nindirectsyms: 0
    extreloff: 0
    nextrel: 0
    locreloff: 0
    nlocrel: 0
segments:
  - segname: ""
    vmaddr: 0x0
    vmsize: 0xa04
    fileoff: 680
    filesize: 2564
    maxprot: 0x7
    initprot: 0x7
    nsects: 7
    flags: 0x0
    sections:
      - segname: "__TEXT"
        sectname: "__text"
        addr: 0x0
        size: 0x664
        offset: 680
        align: 2
        reloff: 3244
        nreloc: 36
        flags: 0x80000400
        reserved1: 0
        reserved2: 0
      - segname: "__TEXT"
        sectname: "__textcoal_nt"
        addr: 0x664
        size: 0x0
        offset: 2316
        align: 0
        reloff: 0
        nreloc: 0
        flags: 0x8000000b
        reserved1: 0
        reserved2: 0
      - segname: "__TEXT"
        sectname: "__const_coal"
        addr: 0x664
        size: 0x0
        offset: 2316
        align: 0
        reloff: 0
        nreloc: 0
        flags: 0xb
        reserved1: 0
        reserved2: 0
      - segname: "__TEXT"
        sectname: "__picsymbolstub4"
        addr: 0x664
        size: 0x0
        offset: 2316
        align: 0
        reloff: 0
        nreloc: 0
        flags: 0x8
        reserved1: 0
        reserved2: 16
      - segname: "__TEXT"
        sectname: "__StaticInit"
        addr: 0x664
        size: 0x0
        offset: 2316
        align: 0
        reloff: 0
        nreloc: 0
        flags: 0x80000000
        reserved1: 0
        reserved2: 0
      - segname: "__TEXT"
        sectname: "__cstring"
        addr: 0x664
        size: 0xa0
        offset: 2316
        align: 0
        reloff: 0
        nreloc: 0
        flags: 0x2
        reserved1: 0
        reserved2: 0
      - segname: "__TEXT"
        sectname: "__const"
        addr: 0x704
        size: 0x300
        offset: 2476
        align: 0
        reloff: 0
        nreloc: 0
        flags: 0x0
        reserved1: 0
        reserved2: 0
exports:
  - "_png_do_bgr"
  - "_png_do_check_palette_indexes"
  - "_png_do_invert"
  - "_png_do_packswap"
  - "_png_do_strip_channel"
  - "_png_do_swap"
  - "_png_get_current_pass_number"
  - "_png_get_current_row_number"
  - "_png_get_user_transform_ptr"
  - "_png_set_add_alpha"
  - "_png_set_bgr"
  - "_png_set_filler"
  - "_png_set_interlace_handling"
  - "_png_set_invert_alpha"
  - "_png_set_invert_mono"
  - "_png_set_packing"
  - "_png_set_packswap"
  - "_png_set_shift"
  - "_png_set_swap"
  - "_png_set_swap_alpha"
  - "_png_set_user_transform_info"
imports:
  - "_png_app_error"