error: unexpected negative number
 --> line:5:12
  |
5 |     $a in (-1..0)
  |            ^^ this number can not be negative
  |