error: wrong type
 --> line:5:8
  |
5 |     @a["1"] == 0x100
  |        ^^^ expression should be `integer`, but is `string`
  |