error: invalid regular expression
 --> line:3:14
  |
3 |     $a = /abc[xyz/
  |              ^ unclosed character class
  |