is_pe: true
machine: MACHINE_I386
subsystem: SUBSYSTEM_WINDOWS_CUI
os_version:
    major: 4
    minor: 0
subsystem_version:
    major: 4
    minor: 0
image_version:
    major: 1
    minor: 0
linker_version:
    major: 2
    minor: 26
opthdr_magic: IMAGE_NT_OPTIONAL_HDR32_MAGIC
characteristics: 783
dll_characteristics: 0
timestamp: 1459377848
image_base: 4194304
checksum: 43228
base_of_code: 4096
base_of_data: 12288
entry_point: 5344
entry_point_raw: 5344
section_alignment: 4096
file_alignment: 4096
loader_flags: 0
size_of_optional_header: 224
size_of_code: 8192
size_of_initialized_data: 28672
size_of_uninitialized_data: 4096
size_of_image: 36864
size_of_headers: 4096
size_of_stack_reserve: 2097152
size_of_stack_commit: 4096
size_of_heap_reserve: 1048576
size_of_heap_commit: 4096
pointer_to_symbol_table: 0
win32_version_value: 0
number_of_symbols: 0
number_of_rva_and_sizes: 16
number_of_sections: 7
number_of_imported_functions: 48
number_of_delayed_imported_functions: 0
number_of_resources: 0
number_of_version_infos: 0
number_of_imports: 2
number_of_delayed_imports: 0
number_of_exports: 0
number_of_signatures: 0
sections:
  - name: ".text"
    full_name: ".text"
    characteristics: 1615855712
    raw_data_size: 8192
    raw_data_offset: 4096
    virtual_address: 4096
    virtual_size: 6004
    pointer_to_relocations: 0
    pointer_to_line_numbers: 0
    number_of_relocations: 0
    number_of_line_numbers: 0
  - name: ".data"
    full_name: ".data"
    characteristics: 3224371264
    raw_data_size: 4096
    raw_data_offset: 12288
    virtual_address: 12288
    virtual_size: 48
    pointer_to_relocations: 0
    pointer_to_line_numbers: 0
    number_of_relocations: 0
    number_of_line_numbers: 0
  - name: ".rdata"
    full_name: ".rdata"
    characteristics: 1076887616
    raw_data_size: 4096
    raw_data_offset: 16384
    virtual_address: 16384
    virtual_size: 1360
    pointer_to_relocations: 0
    pointer_to_line_numbers: 0
    number_of_relocations: 0
    number_of_line_numbers: 0
  - name: ".bss"
    full_name: ".bss"
    characteristics: 3227517056
    raw_data_size: 0
    raw_data_offset: 0
    virtual_address: 20480
    virtual_size: 1024
    pointer_to_relocations: 0
    pointer_to_line_numbers: 0
    number_of_relocations: 0
    number_of_line_numbers: 0
  - name: ".idata"
    full_name: ".idata"
    characteristics: 3224371264
    raw_data_size: 4096
    raw_data_offset: 20480
    virtual_address: 24576
    virtual_size: 1424
    pointer_to_relocations: 0
    pointer_to_line_numbers: 0
    number_of_relocations: 0
    number_of_line_numbers: 0
  - name: ".CRT"
    full_name: ".CRT"
    characteristics: 3224371264
    raw_data_size: 4096
    raw_data_offset: 24576
    virtual_address: 28672
    virtual_size: 52
    pointer_to_relocations: 0
    pointer_to_line_numbers: 0
    number_of_relocations: 0
    number_of_line_numbers: 0
  - name: ".tls"
    full_name: ".tls"
    characteristics: 3224371264
    raw_data_size: 4096
    raw_data_offset: 28672
    virtual_address: 32768
    virtual_size: 32
    pointer_to_relocations: 0
    pointer_to_line_numbers: 0
    number_of_relocations: 0
    number_of_line_numbers: 0
data_directories:
  - virtual_address: 0
    size: 0
  - virtual_address: 24576
    size: 1424
  - virtual_address: 0
    size: 0
  - virtual_address: 0
    size: 0
  - virtual_address: 0
    size: 0
  - virtual_address: 0
    size: 0
  - virtual_address: 0
    size: 0
  - virtual_address: 0
    size: 0
  - virtual_address: 0
    size: 0
  - virtual_address: 32772
    size: 24
  - virtual_address: 0
    size: 0
  - virtual_address: 0
    size: 0
  - virtual_address: 24836
    size: 200
  - virtual_address: 0
    size: 0
  - virtual_address: 0
    size: 0
  - virtual_address: 0
    size: 0
import_details:
  - library_name: "KERNEL32.dll"
    number_of_functions: 21
    functions:
      - name: "DeleteCriticalSection"
        rva: 24836
      - name: "EnterCriticalSection"
        rva: 24840
      - name: "GetCurrentProcess"
        rva: 24844
      - name: "GetCurrentProcessId"
        rva: 24848
      - name: "GetCurrentThreadId"
        rva: 24852
      - name: "GetLastError"
        rva: 24856
      - name: "GetModuleHandleA"
        rva: 24860
      - name: "GetProcAddress"
        rva: 24864
      - name: "GetStartupInfoA"
        rva: 24868
      - name: "GetSystemTimeAsFileTime"
        rva: 24872
      - name: "GetTickCount"
        rva: 24876
      - name: "InitializeCriticalSection"
        rva: 24880
      - name: "LeaveCriticalSection"
        rva: 24884
      - name: "QueryPerformanceCounter"
        rva: 24888
      - name: "SetUnhandledExceptionFilter"
        rva: 24892
      - name: "Sleep"
        rva: 24896
      - name: "TerminateProcess"
        rva: 24900
      - name: "TlsGetValue"
        rva: 24904
      - name: "UnhandledExceptionFilter"
        rva: 24908
      - name: "VirtualProtect"
        rva: 24912
      - name: "VirtualQuery"
        rva: 24916
  - library_name: "msvcrt.dll"
    number_of_functions: 27
    functions:
      - name: "__dllonexit"
        rva: 24924
      - name: "__getmainargs"
        rva: 24928
      - name: "__initenv"
        rva: 24932
      - name: "__lconv_init"
        rva: 24936
      - name: "__set_app_type"
        rva: 24940
      - name: "__setusermatherr"
        rva: 24944
      - name: "_acmdln"
        rva: 24948
      - name: "_amsg_exit"
        rva: 24952
      - name: "_cexit"
        rva: 24956
      - name: "_fmode"
        rva: 24960
      - name: "_initterm"
        rva: 24964
      - name: "_iob"
        rva: 24968
      - name: "_lock"
        rva: 24972
      - name: "_onexit"
        rva: 24976
      - name: "calloc"
        rva: 24980
      - name: "exit"
        rva: 24984
      - name: "fprintf"
        rva: 24988
      - name: "free"
        rva: 24992
      - name: "fwrite"
        rva: 24996
      - name: "malloc"
        rva: 25000
      - name: "memcpy"
        rva: 25004
      - name: "signal"
        rva: 25008
      - name: "strlen"
        rva: 25012
      - name: "strncmp"
        rva: 25016
      - name: "_unlock"
        rva: 25020
      - name: "abort"
        rva: 25024
      - name: "vfprintf"
        rva: 25028
is_signed: false
overlay:
    offset: 32768
    size: 7