is_pe: true
machine: MACHINE_I386
subsystem: SUBSYSTEM_WINDOWS_CUI
os_version:
    major: 4
    minor: 0
subsystem_version:
    major: 4
    minor: 0
image_version:
    major: 0
    minor: 0
linker_version:
    major: 48
    minor: 0
opthdr_magic: IMAGE_NT_OPTIONAL_HDR32_MAGIC
characteristics: 8226
dll_characteristics: 34112
timestamp: 3435013737
image_base: 268435456
checksum: 0
base_of_code: 8192
base_of_data: 16384
entry_point: 3058
entry_point_raw: 10738
section_alignment: 8192
file_alignment: 512
loader_flags: 0
size_of_optional_header: 224
size_of_code: 2560
size_of_initialized_data: 1536
size_of_uninitialized_data: 0
size_of_image: 32768
size_of_headers: 512
size_of_stack_reserve: 1048576
size_of_stack_commit: 4096
size_of_heap_reserve: 1048576
size_of_heap_commit: 4096
pointer_to_symbol_table: 0
win32_version_value: 0
number_of_symbols: 0
number_of_rva_and_sizes: 16
number_of_sections: 3
number_of_imported_functions: 1
number_of_delayed_imported_functions: 0
number_of_resources: 1
number_of_version_infos: 7
number_of_imports: 1
number_of_delayed_imports: 0
number_of_exports: 0
number_of_signatures: 0
version_info:
    "Assembly Version": "0.0.0.0"
    "FileDescription": " "
    "FileVersion": "0.0.0.0"
    "InternalName": "UnityEngine.Purchasing.AppleStub.dll"
    "LegalCopyright": " "
    "OriginalFilename": "UnityEngine.Purchasing.AppleStub.dll"
    "ProductVersion": "0.0.0.0"
version_info_list:
  - key: "FileDescription"
    value: " "
  - key: "FileVersion"
    value: "0.0.0.0"
  - key: "InternalName"
    value: "UnityEngine.Purchasing.AppleStub.dll"
  - key: "LegalCopyright"
    value: " "
  - key: "OriginalFilename"
    value: "UnityEngine.Purchasing.AppleStub.dll"
  - key: "ProductVersion"
    value: "0.0.0.0"
  - key: "Assembly Version"
    value: "0.0.0.0"
pdb_path: "D:\\Unity\\KenShape\\Temp\\UnityEngine.Purchasing.AppleStub.pdb"
sections:
  - name: ".text"
    full_name: ".text"
    characteristics: 1610612768
    raw_data_size: 2560
    raw_data_offset: 512
    virtual_address: 8192
    virtual_size: 2552
    pointer_to_relocations: 0
    pointer_to_line_numbers: 0
    number_of_relocations: 0
    number_of_line_numbers: 0
  - name: ".rsrc"
    full_name: ".rsrc"
    characteristics: 1073741888
    raw_data_size: 1024
    raw_data_offset: 3072
    virtual_address: 16384
    virtual_size: 776
    pointer_to_relocations: 0
    pointer_to_line_numbers: 0
    number_of_relocations: 0
    number_of_line_numbers: 0
  - name: ".reloc"
    full_name: ".reloc"
    characteristics: 1107296320
    raw_data_size: 512
    raw_data_offset: 4096
    virtual_address: 24576
    virtual_size: 12
    pointer_to_relocations: 0
    pointer_to_line_numbers: 0
    number_of_relocations: 0
    number_of_line_numbers: 0
data_directories:
  - virtual_address: 0
    size: 0
  - virtual_address: 10655
    size: 79
  - virtual_address: 16384
    size: 776
  - virtual_address: 0
    size: 0
  - virtual_address: 0
    size: 0
  - virtual_address: 24576
    size: 12
  - virtual_address: 10448
    size: 84
  - virtual_address: 0
    size: 0
  - virtual_address: 0
    size: 0
  - virtual_address: 0
    size: 0
  - virtual_address: 0
    size: 0
  - virtual_address: 0
    size: 0
  - virtual_address: 8192
    size: 8
  - virtual_address: 0
    size: 0
  - virtual_address: 8200
    size: 72
  - virtual_address: 0
    size: 0
resource_timestamp: 0 # 1970-01-01 00:00:00 UTC
resource_version:
    major: 0
    minor: 0
resources:
  - length: 684
    rva: 16472
    offset: 3160
    type: RESOURCE_TYPE_VERSION
    id: 1
    language: 0
import_details:
  - library_name: "mscoree.dll"
    number_of_functions: 1
    functions:
      - name: "_CorDllMain"
        rva: 8192
is_signed: false
overlay:
    offset: 0
    size: 0