MATCHING RULES
--------------

checkip
checkip_get
checkip_post
checkip_dns
user_agent
mutex
file_access
reg

NON-MATCHING RULES
------------------

